#
# A fatal error has been detected by the Java Runtime Environment:
#
#  EXCEPTION_ACCESS_VIOLATION (0xc0000005) at pc=0x00007ff9ddb81368, pid=19668, tid=17376
#
# JRE version: Java(TM) SE Runtime Environment (17.0.9+11) (build 17.0.9+11-LTS-201)
# Java VM: Java HotSpot(TM) 64-Bit Server VM (17.0.9+11-LTS-201, mixed mode, sharing, tiered, compressed oops, compressed class ptrs, g1 gc, windows-amd64)
# Problematic frame:
# V  [jvm.dll+0x681368]
#
# No core dump will be written. Minidumps are not enabled by default on client versions of Windows
#
# If you would like to submit a bug report, please visit:
#   https://bugreport.java.com/bugreport/crash.jsp
#

---------------  S U M M A R Y ------------

Command Line: -XX:+ShowCodeDetailsInExceptionMessages com.homestay.HomestayApplication

Host: 13th Gen Intel(R) Core(TM) i5-1335U, 12 cores, 15G,  Windows 11 , 64 bit Build 26100 (10.0.26100.8875)
Time: Thu Jul 16 21:47:12 2026 SE Asia Standard Time elapsed time: 17.539848 seconds (0d 0h 0m 17s)

---------------  T H R E A D  ---------------

Current thread (0x000002814c80c210):  JavaThread "C2 CompilerThread0" daemon [_thread_in_native, id=17376, stack(0x00000087c7100000,0x00000087c7200000)]


Current CompileTask:
C2:  17540 7871       4       org.springframework.core.annotation.AnnotationsScanner::scan (21 bytes)

Stack: [0x00000087c7100000,0x00000087c7200000],  sp=0x00000087c71fbcc0,  free space=1007k
Native frames: (J=compiled Java code, j=interpreted, Vv=VM code, C=native code)
V  [jvm.dll+0x681368]
V  [jvm.dll+0x67dec3]
V  [jvm.dll+0x218506]
V  [jvm.dll+0x217561]
V  [jvm.dll+0x1a3bc0]
V  [jvm.dll+0x2272de]
V  [jvm.dll+0x22548b]
V  [jvm.dll+0x78f58c]
V  [jvm.dll+0x78998a]
V  [jvm.dll+0x677875]
C  [ucrtbase.dll+0x2cd30]
C  [KERNEL32.DLL+0x2e957]
C  [ntdll.dll+0xaad6c]


siginfo: EXCEPTION_ACCESS_VIOLATION (0xc0000005), reading address 0xffffffffffffffff


Register to memory mapping:

RIP=0x00007ff9ddb81368 jvm.dll
RAX=0x80007ff9dddbdf48 is an unknown value
RBX=0x00000281984429d8 points into unknown readable memory: 0x80007ff9dddbdf48 | 48 df db dd f9 7f 00 80
RCX=0x00000281984429d8 points into unknown readable memory: 0x80007ff9dddbdf48 | 48 df db dd f9 7f 00 80
RDX=0x00000087c71fc260 is pointing into the stack for thread: 0x000002814c80c210
RSP=0x00000087c71fbcc0 is pointing into the stack for thread: 0x000002814c80c210
RBP=0x0000028198442a48 points into unknown readable memory: 0x00007ff9dddc2c30 | 30 2c dc dd f9 7f 00 00
RSI=0x0 is NULL
RDI=0x0 is NULL
R8 =0x00000000000034a0 is an unknown value
R9 =0xffffffffffffe550 is an unknown value
R10=0x0000000000001ab0 is an unknown value
R11=13664 is a compressed pointer to class: 0x000002814d003560
R12=0x0000000000007a2a is an unknown value
R13=0x0000000000000001 is an unknown value
R14=0x00000281933c753c points into unknown readable memory: 2f 7a 00 00
R15=0x00000000ffffffff is an unknown value


Registers:
RAX=0x80007ff9dddbdf48, RBX=0x00000281984429d8, RCX=0x00000281984429d8, RDX=0x00000087c71fc260
RSP=0x00000087c71fbcc0, RBP=0x0000028198442a48, RSI=0x0000000000000000, RDI=0x0000000000000000
R8 =0x00000000000034a0, R9 =0xffffffffffffe550, R10=0x0000000000001ab0, R11=0x0000000000003560
R12=0x0000000000007a2a, R13=0x0000000000000001, R14=0x00000281933c753c, R15=0x00000000ffffffff
RIP=0x00007ff9ddb81368, EFLAGS=0x0000000000010293

Top of Stack: (sp=0x00000087c71fbcc0)
0x00000087c71fbcc0:   000002819752d610 00000087c71fd110
0x00000087c71fbcd0:   000002819778ee98 0000000000000000
0x00000087c71fbce0:   00000001000007be 00007ff900000582
0x00000087c71fbcf0:   00000281933c7540 00000000ffffffff
0x00000087c71fbd00:   0000000000003560 0000000000003498
0x00000087c71fbd10:   000000000435dbe0 00007ff9000006a9
0x00000087c71fbd20:   00000000000034a0 00000281933cc54c
0x00000087c71fbd30:   00000281933c8fec ffffffffffffe550
0x00000087c71fbd40:   0000000000001ab0 00000281933cab00
0x00000087c71fbd50:   00000281977236d0 00000281933c75a0
0x00000087c71fbd60:   00000281933c9050 00000281933c5af4
0x00000087c71fbd70:   0000028127b0aa30 0000000000001aa4
0x00000087c71fbd80:   0000028127790000 0000000000000000
0x00000087c71fbd90:   000002814c80c210 00007ff9dd6fd500
0x00000087c71fbda0:   000002814c80c210 00007ff9dde50ff8
0x00000087c71fbdb0:   0000000000000000 0000000000000000 

Instructions: (pc=0x00007ff9ddb81368)
0x00007ff9ddb81268:   8b cb ff 90 10 01 00 00 ff c8 48 8b cb 03 f0 48
0x00007ff9ddb81278:   8b 03 ff 90 20 01 00 00 01 44 24 20 8b 53 2c 8b
0x00007ff9ddb81288:   c2 83 e0 1f 3c 1e 0f 85 87 04 00 00 48 8b 03 48
0x00007ff9ddb81298:   8b cb 48 8b 93 80 00 00 00 ff 90 58 01 00 00 8b
0x00007ff9ddb812a8:   4b 2c 8b c1 83 e0 3f 3c 3e 75 1f 48 83 bb 90 00
0x00007ff9ddb812b8:   00 00 00 74 15 e8 2e 29 9e ff 01 44 24 28 e8 b5
0x00007ff9ddb812c8:   b6 9d ff 01 44 24 20 8b 4b 2c 44 8b 44 24 24 8b
0x00007ff9ddb812d8:   53 30 8b c2 c1 e8 08 a8 01 74 08 45 3b 3e 72 03
0x00007ff9ddb812e8:   41 03 f0 c1 ea 07 f6 c2 01 74 5c 83 e1 0f 80 f9
0x00007ff9ddb812f8:   0a 74 16 ba 59 02 00 00 48 8d 0d 09 fd 2c 00 e8
0x00007ff9ddb81308:   b4 49 bc ff e8 4f 72 ff ff 48 8b 44 24 70 48 8b
0x00007ff9ddb81318:   cb 48 8b 94 24 70 01 00 00 89 30 48 8b 52 08 48
0x00007ff9ddb81328:   8b 03 48 8b 92 60 08 00 00 ff 90 a0 00 00 00 48
0x00007ff9ddb81338:   8b 4c 24 40 c6 84 24 80 01 00 00 01 42 89 04 31
0x00007ff9ddb81348:   48 8b 44 24 68 89 38 48 8b 8c 24 70 01 00 00 48
0x00007ff9ddb81358:   8b 03 48 8b 51 08 48 8b cb 48 8b 92 60 08 00 00
0x00007ff9ddb81368:   ff 90 a0 00 00 00 8b 4b 2c 03 f0 8b c1 83 e0 1f
0x00007ff9ddb81378:   3c 1e 75 0b 80 f9 de 74 06 45 8b 26 44 03 e6 80
0x00007ff9ddb81388:   e1 03 80 f9 02 75 10 8b 43 30 c1 e8 09 a8 01 74
0x00007ff9ddb81398:   06 45 8b 3e 44 03 fe 48 8b 8c 24 70 01 00 00 ff
0x00007ff9ddb813a8:   c7 41 3b fd 0f 82 8e fe ff ff 4c 8b 44 24 60 44
0x00007ff9ddb813b8:   8b 6c 24 58 8b ac 24 88 01 00 00 8b 5c 24 20 8b
0x00007ff9ddb813c8:   7c 24 28 41 8d 45 ff 3b e8 73 53 48 8b 41 08 48
0x00007ff9ddb813d8:   8b 88 48 08 00 00 48 8b 41 30 49 8b 0c 00 e8 95
0x00007ff9ddb813e8:   d0 a9 ff ff c8 85 c0 7e 30 41 8b 16 48 8b 4c 24
0x00007ff9ddb813f8:   30 03 d6 4c 8b 44 24 50 03 f0 44 3b e2 41 89 04
0x00007ff9ddb81408:   08 42 8d 0c 20 41 0f 45 cc 41 03 c7 44 3b fa 44
0x00007ff9ddb81418:   8b e1 41 0f 45 c7 44 8b f8 4c 8b 44 24 60 48 8b
0x00007ff9ddb81428:   44 24 30 ff c5 41 8b 0e 49 83 c0 08 48 8b 54 24
0x00007ff9ddb81438:   48 03 ce 48 8b b4 24 70 01 00 00 48 83 c2 08 4c
0x00007ff9ddb81448:   8b 4c 24 78 49 83 c6 04 4c 8b 94 24 80 00 00 00
0x00007ff9ddb81458:   4c 8b 5c 24 40 89 08 48 83 c0 04 89 ac 24 88 01 


Stack slot to memory mapping:
stack at sp + 0 slots: 0x000002819752d610 points into unknown readable memory: 0x00007ff9dddb8438 | 38 84 db dd f9 7f 00 00
stack at sp + 1 slots: 0x00000087c71fd110 is pointing into the stack for thread: 0x000002814c80c210
stack at sp + 2 slots: 0x000002819778ee98 points into unknown readable memory: 0x00007ff9ddd8cd38 | 38 cd d8 dd f9 7f 00 00
stack at sp + 3 slots: 0x0 is NULL
stack at sp + 4 slots: 0x00000001000007be is an unknown value
stack at sp + 5 slots: 0x00007ff900000582 is an unknown value
stack at sp + 6 slots: 0x00000281933c7540 points into unknown readable memory: 0x00007ff9de00a868 | 68 a8 00 de f9 7f 00 00
stack at sp + 7 slots: 0x00000000ffffffff is an unknown value


---------------  P R O C E S S  ---------------

Threads class SMR info:
_java_thread_list=0x000002819575e3b0, length=16, elements={
0x0000028127af7400, 0x000002814c7eae70, 0x000002814c7ec5a0, 0x000002814c802380,
0x000002814c807d80, 0x000002814c8091c0, 0x000002814c809a90, 0x000002814c80c210,
0x000002814c80d740, 0x000002814c811740, 0x000002814cc0c820, 0x000002814cc0e170,
0x000002814cc0f0a0, 0x000002814cc0f5b0, 0x00000281923db6f0, 0x00000281946922e0
}

Java Threads: ( => current thread )
  0x0000028127af7400 JavaThread "main" [_thread_in_Java, id=21256, stack(0x00000087c6400000,0x00000087c6500000)]
  0x000002814c7eae70 JavaThread "Reference Handler" daemon [_thread_blocked, id=2432, stack(0x00000087c6b00000,0x00000087c6c00000)]
  0x000002814c7ec5a0 JavaThread "Finalizer" daemon [_thread_blocked, id=25588, stack(0x00000087c6c00000,0x00000087c6d00000)]
  0x000002814c802380 JavaThread "Signal Dispatcher" daemon [_thread_blocked, id=22200, stack(0x00000087c6d00000,0x00000087c6e00000)]
  0x000002814c807d80 JavaThread "Attach Listener" daemon [_thread_blocked, id=21176, stack(0x00000087c6e00000,0x00000087c6f00000)]
  0x000002814c8091c0 JavaThread "Service Thread" daemon [_thread_blocked, id=7480, stack(0x00000087c6f00000,0x00000087c7000000)]
  0x000002814c809a90 JavaThread "Monitor Deflation Thread" daemon [_thread_blocked, id=25872, stack(0x00000087c7000000,0x00000087c7100000)]
=>0x000002814c80c210 JavaThread "C2 CompilerThread0" daemon [_thread_in_native, id=17376, stack(0x00000087c7100000,0x00000087c7200000)]
  0x000002814c80d740 JavaThread "C1 CompilerThread0" daemon [_thread_blocked, id=3932, stack(0x00000087c7200000,0x00000087c7300000)]
  0x000002814c811740 JavaThread "Sweeper thread" daemon [_thread_blocked, id=3612, stack(0x00000087c7300000,0x00000087c7400000)]
  0x000002814cc0c820 JavaThread "Notification Thread" daemon [_thread_blocked, id=26256, stack(0x00000087c7400000,0x00000087c7500000)]
  0x000002814cc0e170 JavaThread "Common-Cleaner" daemon [_thread_blocked, id=9328, stack(0x00000087c7600000,0x00000087c7700000)]
  0x000002814cc0f0a0 JavaThread "mssql-jdbc-shared-timer-core-0" daemon [_thread_blocked, id=25496, stack(0x00000087c8500000,0x00000087c8600000)]
  0x000002814cc0f5b0 JavaThread "HikariPool-1 housekeeper" daemon [_thread_blocked, id=14240, stack(0x00000087c8600000,0x00000087c8700000)]
  0x00000281923db6f0 JavaThread "C2 CompilerThread1" daemon [_thread_in_native, id=25224, stack(0x00000087c7700000,0x00000087c7800000)]
  0x00000281946922e0 JavaThread "C2 CompilerThread2" daemon [_thread_in_native, id=10244, stack(0x00000087c8000000,0x00000087c8100000)]

Other Threads:
  0x000002814c7e7860 VMThread "VM Thread" [stack: 0x00000087c6a00000,0x00000087c6b00000] [id=13268]
  0x0000028127b891e0 WatcherThread [stack: 0x00000087c7500000,0x00000087c7600000] [id=9896]
  0x0000028127b6e4b0 GCTaskThread "GC Thread#0" [stack: 0x00000087c6500000,0x00000087c6600000] [id=25228]
  0x0000028192014940 GCTaskThread "GC Thread#1" [stack: 0x00000087c7800000,0x00000087c7900000] [id=11872]
  0x0000028192014c00 GCTaskThread "GC Thread#2" [stack: 0x00000087c7900000,0x00000087c7a00000] [id=24632]
  0x0000028192014ec0 GCTaskThread "GC Thread#3" [stack: 0x00000087c7a00000,0x00000087c7b00000] [id=2776]
  0x0000028192015440 GCTaskThread "GC Thread#4" [stack: 0x00000087c7b00000,0x00000087c7c00000] [id=21496]
  0x0000028192015c80 GCTaskThread "GC Thread#5" [stack: 0x00000087c7c00000,0x00000087c7d00000] [id=7816]
  0x00000281920159c0 GCTaskThread "GC Thread#6" [stack: 0x00000087c7e00000,0x00000087c7f00000] [id=17560]
  0x0000028192015180 GCTaskThread "GC Thread#7" [stack: 0x00000087c7f00000,0x00000087c8000000] [id=4944]
  0x00000281920143c0 GCTaskThread "GC Thread#8" [stack: 0x00000087c7d00000,0x00000087c7e00000] [id=20444]
  0x0000028192014100 GCTaskThread "GC Thread#9" [stack: 0x00000087c8100000,0x00000087c8200000] [id=23052]
  0x0000028127b7ef10 ConcurrentGCThread "G1 Main Marker" [stack: 0x00000087c6600000,0x00000087c6700000] [id=24372]
  0x0000028127b805f0 ConcurrentGCThread "G1 Conc#0" [stack: 0x00000087c6700000,0x00000087c6800000] [id=13180]
  0x0000028193ff9b40 ConcurrentGCThread "G1 Conc#1" [stack: 0x00000087c8200000,0x00000087c8300000] [id=19848]
  0x0000028193ff9300 ConcurrentGCThread "G1 Conc#2" [stack: 0x00000087c8300000,0x00000087c8400000] [id=23912]
  0x000002814c71f4c0 ConcurrentGCThread "G1 Refine#0" [stack: 0x00000087c6800000,0x00000087c6900000] [id=21708]
  0x000002814c71fd00 ConcurrentGCThread "G1 Service" [stack: 0x00000087c6900000,0x00000087c6a00000] [id=23180]

Threads with active compile tasks:
C2 CompilerThread0    17680 7871       4       org.springframework.core.annotation.AnnotationsScanner::scan (21 bytes)
C2 CompilerThread1    17680 8184       4       org.antlr.v4.runtime.atn.ParserATNSimulator::closure_ (343 bytes)
C2 CompilerThread2    17680 8404       4       org.antlr.v4.runtime.atn.PredictionContext::mergeArrays (809 bytes)

VM state: not at safepoint (normal execution)

VM Mutex/Monitor currently owned by a thread: None

Heap address: 0x0000000704e00000, size: 4018 MB, Compressed Oops mode: Zero based, Oop shift amount: 3

CDS archive(s) mapped at: [0x000002814d000000-0x000002814dbd0000-0x000002814dbd0000), size 12386304, SharedBaseAddress: 0x000002814d000000, ArchiveRelocationMode: 1.
Compressed class space mapped at: 0x000002814e000000-0x000002818e000000, reserved size: 1073741824
Narrow klass base: 0x000002814d000000, Narrow klass shift: 0, Narrow klass range: 0x100000000

GC Precious Log:
 CPUs: 12 total, 12 available
 Memory: 16068M
 Large Page Support: Disabled
 NUMA Support: Disabled
 Compressed Oops: Enabled (Zero based)
 Heap Region Size: 2M
 Heap Min Capacity: 8M
 Heap Initial Capacity: 252M
 Heap Max Capacity: 4018M
 Pre-touch: Disabled
 Parallel Workers: 10
 Concurrent Workers: 3
 Concurrent Refinement Workers: 10
 Periodic GC: Disabled

Heap:
 garbage-first heap   total 96256K, used 53821K [0x0000000704e00000, 0x0000000800000000)
  region size 2048K, 11 young (22528K), 2 survivors (4096K)
 Metaspace       used 70708K, committed 71296K, reserved 1114112K
  class space    used 9644K, committed 9920K, reserved 1048576K

Heap Regions: E=young(eden), S=young(survivor), O=old, HS=humongous(starts), HC=humongous(continues), CS=collection set, F=free, OA=open archive, CA=closed archive, TAMS=top-at-mark-start (previous, next)
|   0|0x0000000704e00000, 0x0000000705000000, 0x0000000705000000|100%| O|  |TAMS 0x0000000705000000, 0x0000000704e00000| Untracked 
|   1|0x0000000705000000, 0x0000000705200000, 0x0000000705200000|100%| O|  |TAMS 0x0000000705200000, 0x0000000705000000| Untracked 
|   2|0x0000000705200000, 0x0000000705400000, 0x0000000705400000|100%| O|  |TAMS 0x0000000705400000, 0x0000000705200000| Untracked 
|   3|0x0000000705400000, 0x00000007055d9a00, 0x0000000705600000| 92%| O|  |TAMS 0x00000007055d9a00, 0x0000000705400000| Untracked 
|   4|0x0000000705600000, 0x0000000705800000, 0x0000000705800000|100%| O|  |TAMS 0x0000000705800000, 0x0000000705600000| Untracked 
|   5|0x0000000705800000, 0x0000000705a00000, 0x0000000705a00000|100%| O|  |TAMS 0x0000000705a00000, 0x0000000705800000| Untracked 
|   6|0x0000000705a00000, 0x0000000705c00000, 0x0000000705c00000|100%| O|  |TAMS 0x0000000705c00000, 0x0000000705a00000| Untracked 
|   7|0x0000000705c00000, 0x0000000705e00000, 0x0000000705e00000|100%| O|  |TAMS 0x0000000705e00000, 0x0000000705c00000| Untracked 
|   8|0x0000000705e00000, 0x0000000706000000, 0x0000000706000000|100%| O|  |TAMS 0x0000000706000000, 0x0000000705e00000| Untracked 
|   9|0x0000000706000000, 0x0000000706200000, 0x0000000706200000|100%| O|  |TAMS 0x0000000706200000, 0x0000000706000000| Untracked 
|  10|0x0000000706200000, 0x0000000706239200, 0x0000000706400000| 11%| O|  |TAMS 0x0000000706239200, 0x0000000706200000| Untracked 
|  11|0x0000000706400000, 0x0000000706600000, 0x0000000706600000|100%| O|  |TAMS 0x0000000706600000, 0x0000000706400000| Untracked 
|  12|0x0000000706600000, 0x0000000706800000, 0x0000000706800000|100%| O|  |TAMS 0x0000000706800000, 0x0000000706600000| Untracked 
|  13|0x0000000706800000, 0x0000000706a00000, 0x0000000706a00000|100%| O|  |TAMS 0x0000000706a00000, 0x0000000706800000| Untracked 
|  14|0x0000000706a00000, 0x0000000706c00000, 0x0000000706c00000|100%| O|  |TAMS 0x0000000706a56c00, 0x0000000706a00000| Untracked 
|  15|0x0000000706c00000, 0x0000000706e00000, 0x0000000706e00000|100%| O|  |TAMS 0x0000000706c00000, 0x0000000706c00000| Untracked 
|  16|0x0000000706e00000, 0x0000000707000000, 0x0000000707000000|100%| O|  |TAMS 0x0000000706e00000, 0x0000000706e00000| Untracked 
|  17|0x0000000707000000, 0x00000007070cfc00, 0x0000000707200000| 40%| O|  |TAMS 0x0000000707000000, 0x0000000707000000| Untracked 
|  18|0x0000000707200000, 0x0000000707200000, 0x0000000707400000|  0%| F|  |TAMS 0x0000000707200000, 0x0000000707200000| Untracked 
|  19|0x0000000707400000, 0x0000000707400000, 0x0000000707600000|  0%| F|  |TAMS 0x0000000707400000, 0x0000000707400000| Untracked 
|  20|0x0000000707600000, 0x0000000707600000, 0x0000000707800000|  0%| F|  |TAMS 0x0000000707600000, 0x0000000707600000| Untracked 
|  21|0x0000000707800000, 0x0000000707800000, 0x0000000707a00000|  0%| F|  |TAMS 0x0000000707800000, 0x0000000707800000| Untracked 
|  22|0x0000000707a00000, 0x0000000707a00000, 0x0000000707c00000|  0%| F|  |TAMS 0x0000000707a00000, 0x0000000707a00000| Untracked 
|  23|0x0000000707c00000, 0x0000000707c00000, 0x0000000707e00000|  0%| F|  |TAMS 0x0000000707c00000, 0x0000000707c00000| Untracked 
|  24|0x0000000707e00000, 0x0000000707e00000, 0x0000000708000000|  0%| F|  |TAMS 0x0000000707e00000, 0x0000000707e00000| Untracked 
|  25|0x0000000708000000, 0x00000007081acf80, 0x0000000708200000| 83%| S|CS|TAMS 0x0000000708000000, 0x0000000708000000| Complete 
|  26|0x0000000708200000, 0x0000000708200000, 0x0000000708400000|  0%| F|  |TAMS 0x0000000708200000, 0x0000000708200000| Untracked 
|  27|0x0000000708400000, 0x0000000708400000, 0x0000000708600000|  0%| F|  |TAMS 0x0000000708400000, 0x0000000708400000| Untracked 
|  28|0x0000000708600000, 0x0000000708800000, 0x0000000708800000|100%| S|CS|TAMS 0x0000000708600000, 0x0000000708600000| Complete 
|  29|0x0000000708800000, 0x0000000708800000, 0x0000000708a00000|  0%| F|  |TAMS 0x0000000708800000, 0x0000000708800000| Untracked 
|  30|0x0000000708a00000, 0x0000000708a00000, 0x0000000708c00000|  0%| F|  |TAMS 0x0000000708a00000, 0x0000000708a00000| Untracked 
|  31|0x0000000708c00000, 0x0000000708c00000, 0x0000000708e00000|  0%| F|  |TAMS 0x0000000708c00000, 0x0000000708c00000| Untracked 
|  32|0x0000000708e00000, 0x0000000708e00000, 0x0000000709000000|  0%| F|  |TAMS 0x0000000708e00000, 0x0000000708e00000| Untracked 
|  33|0x0000000709000000, 0x0000000709000000, 0x0000000709200000|  0%| F|  |TAMS 0x0000000709000000, 0x0000000709000000| Untracked 
|  34|0x0000000709200000, 0x0000000709200000, 0x0000000709400000|  0%| F|  |TAMS 0x0000000709200000, 0x0000000709200000| Untracked 
|  35|0x0000000709400000, 0x0000000709400000, 0x0000000709600000|  0%| F|  |TAMS 0x0000000709400000, 0x0000000709400000| Untracked 
|  36|0x0000000709600000, 0x0000000709600000, 0x0000000709800000|  0%| F|  |TAMS 0x0000000709600000, 0x0000000709600000| Untracked 
|  37|0x0000000709800000, 0x0000000709800000, 0x0000000709a00000|  0%| F|  |TAMS 0x0000000709800000, 0x0000000709800000| Untracked 
|  38|0x0000000709a00000, 0x0000000709c00000, 0x0000000709c00000|100%| E|  |TAMS 0x0000000709a00000, 0x0000000709a00000| Complete 
|  39|0x0000000709c00000, 0x0000000709e00000, 0x0000000709e00000|100%| E|CS|TAMS 0x0000000709c00000, 0x0000000709c00000| Complete 
|  40|0x0000000709e00000, 0x000000070a000000, 0x000000070a000000|100%| E|CS|TAMS 0x0000000709e00000, 0x0000000709e00000| Complete 
|  41|0x000000070a000000, 0x000000070a200000, 0x000000070a200000|100%| E|CS|TAMS 0x000000070a000000, 0x000000070a000000| Complete 
| 112|0x0000000712e00000, 0x0000000713000000, 0x0000000713000000|100%| E|CS|TAMS 0x0000000712e00000, 0x0000000712e00000| Complete 
| 113|0x0000000713000000, 0x0000000713200000, 0x0000000713200000|100%| E|CS|TAMS 0x0000000713000000, 0x0000000713000000| Complete 
| 114|0x0000000713200000, 0x0000000713400000, 0x0000000713400000|100%| E|CS|TAMS 0x0000000713200000, 0x0000000713200000| Complete 
| 115|0x0000000713400000, 0x0000000713600000, 0x0000000713600000|100%| E|CS|TAMS 0x0000000713400000, 0x0000000713400000| Complete 
| 125|0x0000000714800000, 0x0000000714a00000, 0x0000000714a00000|100%| E|CS|TAMS 0x0000000714800000, 0x0000000714800000| Complete 

Card table byte_map: [0x0000028140fe0000,0x00000281417c0000] _byte_map_base: 0x000002813d7b9000

Marking Bits (Prev, Next): (CMBitMap*) 0x0000028127b6eb10, (CMBitMap*) 0x0000028127b6ead0
 Prev Bits: [0x0000028145e70000, 0x0000028149d38000)
 Next Bits: [0x0000028141fa0000, 0x0000028145e68000)

Polling page: 0x0000028127bc0000

Metaspace:

Usage:
  Non-class:     59.63 MB used.
      Class:      9.42 MB used.
       Both:     69.05 MB used.

Virtual space:
  Non-class space:       64.00 MB reserved,      59.94 MB ( 94%) committed,  1 nodes.
      Class space:        1.00 GB reserved,       9.69 MB ( <1%) committed,  1 nodes.
             Both:        1.06 GB reserved,      69.62 MB (  6%) committed. 

Chunk freelists:
   Non-Class:  4.05 MB
       Class:  6.36 MB
        Both:  10.41 MB

MaxMetaspaceSize: unlimited
CompressedClassSpaceSize: 1.00 GB
Initial GC threshold: 21.00 MB
Current GC threshold: 98.56 MB
CDS: on
MetaspaceReclaimPolicy: balanced
 - commit_granule_bytes: 65536.
 - commit_granule_words: 8192.
 - virtual_space_node_default_size: 8388608.
 - enlarge_chunks_in_place: 1.
 - new_chunks_are_fully_committed: 0.
 - uncommit_free_chunks: 1.
 - use_allocation_guard: 0.
 - handle_deallocations: 1.


Internal statistics:

num_allocs_failed_limit: 9.
num_arena_births: 754.
num_arena_deaths: 0.
num_vsnodes_births: 2.
num_vsnodes_deaths: 0.
num_space_committed: 1114.
num_space_uncommitted: 0.
num_chunks_returned_to_freelist: 9.
num_chunks_taken_from_freelist: 3268.
num_chunk_merges: 9.
num_chunk_splits: 2353.
num_chunks_enlarged: 1856.
num_inconsistent_stats: 0.

CodeHeap 'non-profiled nmethods': size=120000Kb used=5113Kb max_used=5113Kb free=114886Kb
 bounds [0x0000028138630000, 0x0000028138b30000, 0x000002813fb60000]
CodeHeap 'profiled nmethods': size=120000Kb used=14736Kb max_used=14736Kb free=105263Kb
 bounds [0x0000028130b60000, 0x00000281319d0000, 0x0000028138090000]
CodeHeap 'non-nmethods': size=5760Kb used=1378Kb max_used=1458Kb free=4381Kb
 bounds [0x0000028138090000, 0x0000028138300000, 0x0000028138630000]
 total_blobs=8290 nmethods=7583 adapters=616
 compilation: enabled
              stopped_count=0, restarted_count=0
 full_count=0

Compilation events (20 events):
Event: 17.453 Thread 0x000002814c80d740 8379 %     3       org.antlr.v4.runtime.atn.PredictionMode::hasConflictingAltSet @ 7 (41 bytes)
Event: 17.455 Thread 0x000002814c80d740 nmethod 8379% 0x00000281319a8390 code [0x00000281319a8580, 0x00000281319a8b58]
Event: 17.460 Thread 0x000002814c80d740 8385       2       org.antlr.v4.runtime.Parser::exitRule (81 bytes)
Event: 17.462 Thread 0x000002814c80d740 nmethod 8385 0x00000281319a8d10 code [0x00000281319a8ee0, 0x00000281319a9268]
Event: 17.468 Thread 0x000002814c80d740 8386       2       java.util.ArrayList::equalsArrayList (108 bytes)
Event: 17.470 Thread 0x000002814c80d740 nmethod 8386 0x00000281319a9410 code [0x00000281319a95e0, 0x00000281319a9a48]
Event: 17.471 Thread 0x000002814c80d740 8388       3       org.antlr.v4.runtime.atn.ParserATNSimulator::precedenceTransition (266 bytes)
Event: 17.475 Thread 0x000002814c80d740 nmethod 8388 0x00000281319a9d10 code [0x00000281319aa280, 0x00000281319ad0c8]
Event: 17.475 Thread 0x000002814c80d740 8389       2       org.antlr.v4.runtime.ParserRuleContext::addAnyChild (31 bytes)
Event: 17.476 Thread 0x000002814c80d740 nmethod 8389 0x00000281319ae110 code [0x00000281319ae2c0, 0x00000281319ae548]
Event: 17.476 Thread 0x000002814c80d740 8387       2       org.antlr.v4.runtime.atn.ParserATNSimulator::computeTargetState (286 bytes)
Event: 17.479 Thread 0x000002814c80d740 nmethod 8387 0x00000281319ae610 code [0x00000281319ae980, 0x00000281319af528]
Event: 17.480 Thread 0x000002814c80d740 8390       2       org.antlr.v4.runtime.Parser::getCurrentToken (11 bytes)
Event: 17.481 Thread 0x000002814c80d740 nmethod 8390 0x00000281319afd10 code [0x00000281319afea0, 0x00000281319affc8]
Event: 17.494 Thread 0x00000281946922e0 nmethod 7864 0x0000028138b18390 code [0x0000028138b18c80, 0x0000028138b21a88]
Event: 17.495 Thread 0x00000281946922e0 8384       4       java.util.HashMap::get (19 bytes)
Event: 17.503 Thread 0x00000281946922e0 nmethod 8384 0x0000028138b26a10 code [0x0000028138b26ba0, 0x0000028138b26e78]
Event: 17.503 Thread 0x00000281946922e0 8302       4       org.antlr.v4.runtime.atn.PredictionContext::calculateHashCode (86 bytes)
Event: 17.511 Thread 0x00000281946922e0 nmethod 8302 0x0000028138b27090 code [0x0000028138b27220, 0x0000028138b27418]
Event: 17.511 Thread 0x00000281946922e0 8228       4       org.antlr.v4.runtime.misc.Array2DHashSet::getOrAddImpl (146 bytes)

GC Heap History (20 events):
Event: 4.888 GC heap before
{Heap before GC invocations=6 (full 0):
 garbage-first heap   total 69632K, used 20967K [0x0000000704e00000, 0x0000000800000000)
  region size 2048K, 3 young (6144K), 2 survivors (4096K)
 Metaspace       used 25170K, committed 25408K, reserved 1114112K
  class space    used 3187K, committed 3328K, reserved 1048576K
}
Event: 4.895 GC heap after
{Heap after GC invocations=7 (full 0):
 garbage-first heap   total 69632K, used 18845K [0x0000000704e00000, 0x0000000800000000)
  region size 2048K, 1 young (2048K), 1 survivors (2048K)
 Metaspace       used 25170K, committed 25408K, reserved 1114112K
  class space    used 3187K, committed 3328K, reserved 1048576K
}
Event: 6.239 GC heap before
{Heap before GC invocations=7 (full 0):
 garbage-first heap   total 69632K, used 45469K [0x0000000704e00000, 0x0000000800000000)
  region size 2048K, 14 young (28672K), 1 survivors (2048K)
 Metaspace       used 28409K, committed 28800K, reserved 1114112K
  class space    used 3668K, committed 3840K, reserved 1048576K
}
Event: 6.255 GC heap after
{Heap after GC invocations=8 (full 0):
 garbage-first heap   total 69632K, used 20622K [0x0000000704e00000, 0x0000000800000000)
  region size 2048K, 2 young (4096K), 2 survivors (4096K)
 Metaspace       used 28409K, committed 28800K, reserved 1114112K
  class space    used 3668K, committed 3840K, reserved 1048576K
}
Event: 7.692 GC heap before
{Heap before GC invocations=8 (full 0):
 garbage-first heap   total 69632K, used 47246K [0x0000000704e00000, 0x0000000800000000)
  region size 2048K, 15 young (30720K), 2 survivors (4096K)
 Metaspace       used 33018K, committed 33472K, reserved 1114112K
  class space    used 4271K, committed 4480K, reserved 1048576K
}
Event: 7.705 GC heap after
{Heap after GC invocations=9 (full 0):
 garbage-first heap   total 98304K, used 23050K [0x0000000704e00000, 0x0000000800000000)
  region size 2048K, 2 young (4096K), 2 survivors (4096K)
 Metaspace       used 33018K, committed 33472K, reserved 1114112K
  class space    used 4271K, committed 4480K, reserved 1048576K
}
Event: 8.213 GC heap before
{Heap before GC invocations=9 (full 0):
 garbage-first heap   total 98304K, used 35338K [0x0000000704e00000, 0x0000000800000000)
  region size 2048K, 10 young (20480K), 2 survivors (4096K)
 Metaspace       used 35583K, committed 35968K, reserved 1114112K
  class space    used 4547K, committed 4736K, reserved 1048576K
}
Event: 8.220 GC heap after
{Heap after GC invocations=10 (full 0):
 garbage-first heap   total 98304K, used 24174K [0x0000000704e00000, 0x0000000800000000)
  region size 2048K, 2 young (4096K), 2 survivors (4096K)
 Metaspace       used 35583K, committed 35968K, reserved 1114112K
  class space    used 4547K, committed 4736K, reserved 1048576K
}
Event: 10.341 GC heap before
{Heap before GC invocations=11 (full 0):
 garbage-first heap   total 96256K, used 67182K [0x0000000704e00000, 0x0000000800000000)
  region size 2048K, 24 young (49152K), 2 survivors (4096K)
 Metaspace       used 48556K, committed 49024K, reserved 1114112K
  class space    used 6305K, committed 6528K, reserved 1048576K
}
Event: 10.354 GC heap after
{Heap after GC invocations=12 (full 0):
 garbage-first heap   total 96256K, used 27478K [0x0000000704e00000, 0x0000000800000000)
  region size 2048K, 3 young (6144K), 3 survivors (6144K)
 Metaspace       used 48556K, committed 49024K, reserved 1114112K
  class space    used 6305K, committed 6528K, reserved 1048576K
}
Event: 11.783 GC heap before
{Heap before GC invocations=12 (full 0):
 garbage-first heap   total 96256K, used 64342K [0x0000000704e00000, 0x0000000800000000)
  region size 2048K, 22 young (45056K), 3 survivors (6144K)
 Metaspace       used 54419K, committed 54912K, reserved 1114112K
  class space    used 7139K, committed 7360K, reserved 1048576K
}
Event: 11.796 GC heap after
{Heap after GC invocations=13 (full 0):
 garbage-first heap   total 96256K, used 29858K [0x0000000704e00000, 0x0000000800000000)
  region size 2048K, 2 young (4096K), 2 survivors (4096K)
 Metaspace       used 54419K, committed 54912K, reserved 1114112K
  class space    used 7139K, committed 7360K, reserved 1048576K
}
Event: 12.725 GC heap before
{Heap before GC invocations=13 (full 0):
 garbage-first heap   total 96256K, used 68770K [0x0000000704e00000, 0x0000000800000000)
  region size 2048K, 21 young (43008K), 2 survivors (4096K)
 Metaspace       used 59133K, committed 59648K, reserved 1114112K
  class space    used 7858K, committed 8128K, reserved 1048576K
}
Event: 12.736 GC heap after
{Heap after GC invocations=14 (full 0):
 garbage-first heap   total 96256K, used 30388K [0x0000000704e00000, 0x0000000800000000)
  region size 2048K, 2 young (4096K), 2 survivors (4096K)
 Metaspace       used 59133K, committed 59648K, reserved 1114112K
  class space    used 7858K, committed 8128K, reserved 1048576K
}
Event: 12.974 GC heap before
{Heap before GC invocations=14 (full 0):
 garbage-first heap   total 96256K, used 42676K [0x0000000704e00000, 0x0000000800000000)
  region size 2048K, 9 young (18432K), 2 survivors (4096K)
 Metaspace       used 59787K, committed 60288K, reserved 1114112K
  class space    used 7924K, committed 8192K, reserved 1048576K
}
Event: 12.980 GC heap after
{Heap after GC invocations=15 (full 0):
 garbage-first heap   total 96256K, used 30462K [0x0000000704e00000, 0x0000000800000000)
  region size 2048K, 1 young (2048K), 1 survivors (2048K)
 Metaspace       used 59787K, committed 60288K, reserved 1114112K
  class space    used 7924K, committed 8192K, reserved 1048576K
}
Event: 16.335 GC heap before
{Heap before GC invocations=16 (full 0):
 garbage-first heap   total 96256K, used 73470K [0x0000000704e00000, 0x0000000800000000)
  region size 2048K, 22 young (45056K), 1 survivors (2048K)
 Metaspace       used 67916K, committed 68416K, reserved 1114112K
  class space    used 9055K, committed 9280K, reserved 1048576K
}
Event: 16.349 GC heap after
{Heap after GC invocations=17 (full 0):
 garbage-first heap   total 96256K, used 33847K [0x0000000704e00000, 0x0000000800000000)
  region size 2048K, 3 young (6144K), 3 survivors (6144K)
 Metaspace       used 67916K, committed 68416K, reserved 1114112K
  class space    used 9055K, committed 9280K, reserved 1048576K
}
Event: 17.096 GC heap before
{Heap before GC invocations=17 (full 0):
 garbage-first heap   total 96256K, used 72759K [0x0000000704e00000, 0x0000000800000000)
  region size 2048K, 22 young (45056K), 3 survivors (6144K)
 Metaspace       used 69233K, committed 69760K, reserved 1114112K
  class space    used 9298K, committed 9536K, reserved 1048576K
}
Event: 17.111 GC heap after
{Heap after GC invocations=18 (full 0):
 garbage-first heap   total 96256K, used 36148K [0x0000000704e00000, 0x0000000800000000)
  region size 2048K, 2 young (4096K), 2 survivors (4096K)
 Metaspace       used 69233K, committed 69760K, reserved 1114112K
  class space    used 9298K, committed 9536K, reserved 1048576K
}

Deoptimization events (20 events):
Event: 16.235 Thread 0x0000028127af7400 Uncommon trap: trap_request=0xffffffc6 fr.pc=0x0000028138a4ab34 relative=0x00000000000019d4
Event: 16.235 Thread 0x0000028127af7400 Uncommon trap: reason=bimorphic_or_optimized_type_check action=maybe_recompile pc=0x0000028138a4ab34 method=java.util.stream.StreamSpliterators$AbstractWrappingSpliterator.doAdvance()Z @ 37 c2
Event: 16.235 Thread 0x0000028127af7400 DEOPT PACKING pc=0x0000028138a4ab34 sp=0x00000087c64fbf20
Event: 16.235 Thread 0x0000028127af7400 DEOPT UNPACKING pc=0x00000281380e23a3 sp=0x00000087c64fbe30 mode 2
Event: 16.393 Thread 0x0000028127af7400 Uncommon trap: trap_request=0xffffffc6 fr.pc=0x0000028138a4ab34 relative=0x00000000000019d4
Event: 16.393 Thread 0x0000028127af7400 Uncommon trap: reason=bimorphic_or_optimized_type_check action=maybe_recompile pc=0x0000028138a4ab34 method=java.util.stream.StreamSpliterators$AbstractWrappingSpliterator.doAdvance()Z @ 37 c2
Event: 16.393 Thread 0x0000028127af7400 DEOPT PACKING pc=0x0000028138a4ab34 sp=0x00000087c64fbf20
Event: 16.393 Thread 0x0000028127af7400 DEOPT UNPACKING pc=0x00000281380e23a3 sp=0x00000087c64fbe30 mode 2
Event: 16.731 Thread 0x0000028127af7400 Uncommon trap: trap_request=0xffffff45 fr.pc=0x00000281387baf18 relative=0x0000000000000258
Event: 16.731 Thread 0x0000028127af7400 Uncommon trap: reason=unstable_if action=reinterpret pc=0x00000281387baf18 method=java.util.HashMap.getNode(Ljava/lang/Object;)Ljava/util/HashMap$Node; @ 66 c2
Event: 16.731 Thread 0x0000028127af7400 DEOPT PACKING pc=0x00000281387baf18 sp=0x00000087c64f51e0
Event: 16.731 Thread 0x0000028127af7400 DEOPT UNPACKING pc=0x00000281380e23a3 sp=0x00000087c64f50f0 mode 2
Event: 17.028 Thread 0x0000028127af7400 Uncommon trap: trap_request=0xffffff45 fr.pc=0x00000281387869a4 relative=0x0000000000000204
Event: 17.028 Thread 0x0000028127af7400 Uncommon trap: reason=unstable_if action=reinterpret pc=0x00000281387869a4 method=java.util.HashMap.getNode(Ljava/lang/Object;)Ljava/util/HashMap$Node; @ 66 c2
Event: 17.028 Thread 0x0000028127af7400 DEOPT PACKING pc=0x00000281387869a4 sp=0x00000087c64fad60
Event: 17.028 Thread 0x0000028127af7400 DEOPT UNPACKING pc=0x00000281380e23a3 sp=0x00000087c64fac70 mode 2
Event: 17.420 Thread 0x0000028127af7400 DEOPT PACKING pc=0x000002813195b38c sp=0x00000087c64f8de0
Event: 17.420 Thread 0x0000028127af7400 DEOPT UNPACKING pc=0x00000281380e2b43 sp=0x00000087c64f8280 mode 0
Event: 17.432 Thread 0x0000028127af7400 DEOPT PACKING pc=0x000002813195942d sp=0x00000087c64fa850
Event: 17.432 Thread 0x0000028127af7400 DEOPT UNPACKING pc=0x00000281380e2b43 sp=0x00000087c64f9d70 mode 0

Classes unloaded (0 events):
No events

Classes redefined (0 events):
No events

Internal exceptions (20 events):
Event: 13.244 Thread 0x0000028127af7400 Exception <a 'java/lang/NoSuchMethodError'{0x000000071314b690}: 'java.lang.Object java.lang.invoke.DirectMethodHandle$Holder.newInvokeSpecial(java.lang.Object, java.lang.Object, java.lang.Object, java.lang.Object, java.lang.Object, int, java.lang.Object)'> (0x000000071314b690) 
thrown [s\open\src\hotspot\share\interpreter\linkResolver.cpp, line 759]
Event: 13.248 Thread 0x0000028127af7400 Exception <a 'java/lang/NoSuchMethodError'{0x0000000713188480}: 'java.lang.Object java.lang.invoke.DirectMethodHandle$Holder.newInvokeSpecial(java.lang.Object, java.lang.Object, java.lang.Object, java.lang.Object, java.lang.Object, java.lang.Object, java.lang.Object, java.lang.Object, java.lang.Object, java.lang.Object, java.lang.Object, java.lang.Object)'> (0x0000000713188480) 
thrown [s\open\src\hotspot\share\interpreter\linkResolver.cpp, line 759]
Event: 13.248 Thread 0x0000028127af7400 Exception <a 'java/lang/NoSuchMethodError'{0x000000071318d468}: 'java.lang.Object java.lang.invoke.DirectMethodHandle$Holder.invokeSpecial(java.lang.Object, java.lang.Object, java.lang.Object, java.lang.Object, java.lang.Object, java.lang.Object, java.lang.Object, java.lang.Object, java.lang.Object, java.lang.Object, java.lang.Object, java.lang.Object, java.lang.Object)'> (0x000000071318d468) 
thrown [s\open\src\hotspot\share\interpreter\linkResolver.cpp, line 759]
Event: 13.248 Thread 0x0000028127af7400 Exception <a 'java/lang/NoSuchMethodError'{0x00000007131920d0}: 'java.lang.Object java.lang.invoke.Invokers$Holder.linkToTargetMethod(java.lang.Object, java.lang.Object, java.lang.Object, java.lang.Object, java.lang.Object, java.lang.Object, java.lang.Object, java.lang.Object, java.lang.Object, java.lang.Object, java.lang.Object, java.lang.Object)'> (0x00000007131920d0) 
thrown [s\open\src\hotspot\share\interpreter\linkResolver.cpp, line 759]
Event: 13.304 Thread 0x0000028127af7400 Exception <a 'java/lang/NoSuchMethodError'{0x000000070a0c9010}: 'java.lang.Object java.lang.invoke.DirectMethodHandle$Holder.newInvokeSpecial(java.lang.Object, java.lang.Object, int, java.lang.Object, int, java.lang.Object, java.lang.Object)'> (0x000000070a0c9010) 
thrown [s\open\src\hotspot\share\interpreter\linkResolver.cpp, line 759]
Event: 13.308 Thread 0x0000028127af7400 Exception <a 'java/lang/NoSuchMethodError'{0x000000070a10ec08}: 'java.lang.Object java.lang.invoke.DirectMethodHandle$Holder.newInvokeSpecial(java.lang.Object, java.lang.Object, java.lang.Object, java.lang.Object, java.lang.Object, java.lang.Object, java.lang.Object, int)'> (0x000000070a10ec08) 
thrown [s\open\src\hotspot\share\interpreter\linkResolver.cpp, line 759]
Event: 13.308 Thread 0x0000028127af7400 Exception <a 'java/lang/NoSuchMethodError'{0x000000070a1143f8}: 'java.lang.Object java.lang.invoke.DirectMethodHandle$Holder.invokeSpecial(java.lang.Object, java.lang.Object, java.lang.Object, java.lang.Object, java.lang.Object, java.lang.Object, java.lang.Object, java.lang.Object, int)'> (0x000000070a1143f8) 
thrown [s\open\src\hotspot\share\interpreter\linkResolver.cpp, line 759]
Event: 13.308 Thread 0x0000028127af7400 Exception <a 'java/lang/NoSuchMethodError'{0x000000070a1196b8}: 'java.lang.Object java.lang.invoke.Invokers$Holder.linkToTargetMethod(java.lang.Object, java.lang.Object, java.lang.Object, java.lang.Object, java.lang.Object, java.lang.Object, int, java.lang.Object)'> (0x000000070a1196b8) 
thrown [s\open\src\hotspot\share\interpreter\linkResolver.cpp, line 759]
Event: 13.356 Thread 0x0000028127af7400 Exception <a 'java/lang/NoSuchMethodError'{0x0000000709ee0140}: 'void java.lang.invoke.DirectMethodHandle$Holder.invokeInterface(java.lang.Object, java.lang.Object)'> (0x0000000709ee0140) 
thrown [s\open\src\hotspot\share\interpreter\linkResolver.cpp, line 759]
Event: 15.218 Thread 0x0000028127af7400 Exception <a 'java/lang/NoSuchMethodError'{0x00000007094c8fe8}: 'java.lang.Object java.lang.invoke.DirectMethodHandle$Holder.invokeSpecial(java.lang.Object, java.lang.Object, int, java.lang.Object, int)'> (0x00000007094c8fe8) 
thrown [s\open\src\hotspot\share\interpreter\linkResolver.cpp, line 759]
Event: 15.565 Thread 0x0000028127af7400 Exception <a 'java/lang/IncompatibleClassChangeError'{0x0000000708c349a0}: Found class java.lang.Object, but interface was expected> (0x0000000708c349a0) 
thrown [s\open\src\hotspot\share\interpreter\linkResolver.cpp, line 826]
Event: 15.588 Thread 0x0000028127af7400 Exception <a 'java/lang/IncompatibleClassChangeError'{0x0000000708cdb118}: Found class java.lang.Object, but interface was expected> (0x0000000708cdb118) 
thrown [s\open\src\hotspot\share\interpreter\linkResolver.cpp, line 826]
Event: 15.661 Thread 0x0000028127af7400 Exception <a 'java/lang/IncompatibleClassChangeError'{0x0000000708aa2b40}: Found class java.lang.Object, but interface was expected> (0x0000000708aa2b40) 
thrown [s\open\src\hotspot\share\interpreter\linkResolver.cpp, line 826]
Event: 16.035 Thread 0x0000028127af7400 Exception <a 'java/lang/IncompatibleClassChangeError'{0x000000070854fd90}: Found class java.lang.Object, but interface was expected> (0x000000070854fd90) 
thrown [s\open\src\hotspot\share\interpreter\linkResolver.cpp, line 826]
Event: 16.193 Thread 0x0000028127af7400 Exception <a 'java/lang/reflect/InvocationTargetException'{0x00000007083c51d0}> (0x00000007083c51d0) 
thrown [s\open\src\hotspot\share\runtime\reflection.cpp, line 1121]
Event: 16.216 Thread 0x0000028127af7400 Exception <a 'java/lang/NoSuchMethodError'{0x000000070802bd78}: 'int java.lang.invoke.DirectMethodHandle$Holder.invokeStatic(java.lang.Object, java.lang.Object, int)'> (0x000000070802bd78) 
thrown [s\open\src\hotspot\share\interpreter\linkResolver.cpp, line 759]
Event: 16.234 Thread 0x0000028127af7400 Exception <a 'java/lang/IncompatibleClassChangeError'{0x0000000708072fe0}: Found class java.lang.Object, but interface was expected> (0x0000000708072fe0) 
thrown [s\open\src\hotspot\share\interpreter\linkResolver.cpp, line 826]
Event: 16.359 Thread 0x0000028127af7400 Exception <a 'java/lang/NoSuchMethodError'{0x00000007148229f0}: 'java.lang.Object java.lang.invoke.DirectMethodHandle$Holder.invokeStatic(java.lang.Object, int, java.lang.Object)'> (0x00000007148229f0) 
thrown [s\open\src\hotspot\share\interpreter\linkResolver.cpp, line 759]
Event: 16.392 Thread 0x0000028127af7400 Exception <a 'java/lang/reflect/InvocationTargetException'{0x00000007148644e0}> (0x00000007148644e0) 
thrown [s\open\src\hotspot\share\runtime\reflection.cpp, line 1121]
Event: 17.144 Thread 0x0000028127af7400 Exception <a 'java/lang/reflect/InvocationTargetException'{0x00000007148776f0}> (0x00000007148776f0) 
thrown [s\open\src\hotspot\share\runtime\reflection.cpp, line 1121]

VM Operations (20 events):
Event: 13.466 Executing VM operation: HandshakeAllThreads
Event: 13.466 Executing VM operation: HandshakeAllThreads done
Event: 14.479 Executing VM operation: Cleanup
Event: 14.479 Executing VM operation: Cleanup done
Event: 15.487 Executing VM operation: Cleanup
Event: 15.487 Executing VM operation: Cleanup done
Event: 15.925 Executing VM operation: HandshakeAllThreads
Event: 15.925 Executing VM operation: HandshakeAllThreads done
Event: 16.084 Executing VM operation: HandshakeAllThreads
Event: 16.084 Executing VM operation: HandshakeAllThreads done
Event: 16.086 Executing VM operation: HandshakeAllThreads
Event: 16.086 Executing VM operation: HandshakeAllThreads done
Event: 16.334 Executing VM operation: G1CollectForAllocation
Event: 16.350 Executing VM operation: G1CollectForAllocation done
Event: 16.741 Executing VM operation: HandshakeAllThreads
Event: 16.741 Executing VM operation: HandshakeAllThreads done
Event: 16.758 Executing VM operation: ICBufferFull
Event: 16.759 Executing VM operation: ICBufferFull done
Event: 17.096 Executing VM operation: G1CollectForAllocation
Event: 17.111 Executing VM operation: G1CollectForAllocation done

Events (20 events):
Event: 15.933 loading class java/util/WeakHashMap$HashIterator done
Event: 15.933 loading class java/util/WeakHashMap$KeyIterator done
Event: 15.933 loading class java/util/WeakHashMap$EntrySet
Event: 15.933 loading class java/util/WeakHashMap$EntrySet done
Event: 15.933 loading class java/util/WeakHashMap$EntryIterator
Event: 15.933 loading class java/util/WeakHashMap$EntryIterator done
Event: 16.068 loading class java/lang/Package$1PackageInfoProxy
Event: 16.070 loading class java/lang/Package$1PackageInfoProxy done
Event: 16.131 loading class java/util/stream/ReduceOps$5
Event: 16.131 loading class java/util/stream/ReduceOps$5 done
Event: 16.131 loading class java/util/stream/ReduceOps$CountingSink$OfRef
Event: 16.132 loading class java/util/stream/ReduceOps$CountingSink
Event: 16.132 loading class java/util/stream/ReduceOps$CountingSink done
Event: 16.132 loading class java/util/stream/ReduceOps$CountingSink$OfRef done
Event: 16.306 loading class java/util/regex/Pattern$Bound
Event: 16.306 loading class java/util/regex/Pattern$Bound done
Event: 16.311 loading class java/util/regex/Pattern$Behind
Event: 16.311 loading class java/util/regex/Pattern$Behind done
Event: 17.147 loading class java/lang/invoke/MethodHandleImpl$CountingWrapper$1
Event: 17.147 loading class java/lang/invoke/MethodHandleImpl$CountingWrapper$1 done


Dynamic libraries:
0x00007ff6d0740000 - 0x00007ff6d0750000 	C:\Program Files\Java\jdk-17\bin\java.exe
0x00007ffa4cbc0000 - 0x00007ffa4ce26000 	C:\WINDOWS\SYSTEM32\ntdll.dll
0x00007ffa4b720000 - 0x00007ffa4b7e9000 	C:\WINDOWS\System32\KERNEL32.DLL
0x00007ffa4a130000 - 0x00007ffa4a52e000 	C:\WINDOWS\System32\KERNELBASE.dll
0x00007ffa49f10000 - 0x00007ffa4a05c000 	C:\WINDOWS\System32\ucrtbase.dll
0x00007ffa36280000 - 0x00007ffa36299000 	C:\Program Files\Java\jdk-17\bin\jli.dll
0x00007ffa4b990000 - 0x00007ffa4ba47000 	C:\WINDOWS\System32\ADVAPI32.dll
0x00007ffa36170000 - 0x00007ffa3618b000 	C:\Program Files\Java\jdk-17\bin\VCRUNTIME140.dll
0x00007ffa4ae60000 - 0x00007ffa4af09000 	C:\WINDOWS\System32\msvcrt.dll
0x00007ffa4ba50000 - 0x00007ffa4bafa000 	C:\WINDOWS\System32\sechost.dll
0x00007ffa4c5c0000 - 0x00007ffa4c6d8000 	C:\WINDOWS\System32\RPCRT4.dll
0x00007ffa4b4d0000 - 0x00007ffa4b697000 	C:\WINDOWS\System32\USER32.dll
0x00007ffa4a6c0000 - 0x00007ffa4a6e7000 	C:\WINDOWS\System32\win32u.dll
0x00007ffa4b960000 - 0x00007ffa4b98b000 	C:\WINDOWS\System32\GDI32.dll
0x00007ffa49de0000 - 0x00007ffa49f0a000 	C:\WINDOWS\System32\gdi32full.dll
0x00007ffa2c310000 - 0x00007ffa2c5a2000 	C:\WINDOWS\WinSxS\amd64_microsoft.windows.common-controls_6595b64144ccf1df_6.0.26100.8875_none_3e0d5d42e32fe9dd\COMCTL32.dll
0x00007ffa4a780000 - 0x00007ffa4a823000 	C:\WINDOWS\System32\msvcp_win.dll
0x00007ffa426a0000 - 0x00007ffa426ab000 	C:\WINDOWS\SYSTEM32\VERSION.dll
0x00007ffa4bc30000 - 0x00007ffa4bc62000 	C:\WINDOWS\System32\IMM32.DLL
0x00007ffa45270000 - 0x00007ffa4527c000 	C:\Program Files\Java\jdk-17\bin\vcruntime140_1.dll
0x00007ffa1fa30000 - 0x00007ffa1fabe000 	C:\Program Files\Java\jdk-17\bin\msvcp140.dll
0x00007ff9dd500000 - 0x00007ff9de0e1000 	C:\Program Files\Java\jdk-17\bin\server\jvm.dll
0x00007ffa4c6e0000 - 0x00007ffa4c6e8000 	C:\WINDOWS\System32\PSAPI.DLL
0x00007ffa409c0000 - 0x00007ffa409f6000 	C:\WINDOWS\SYSTEM32\WINMM.dll
0x00007ffa3a7e0000 - 0x00007ffa3a7ea000 	C:\WINDOWS\SYSTEM32\WSOCK32.dll
0x00007ffa4c530000 - 0x00007ffa4c5b0000 	C:\WINDOWS\System32\WS2_32.dll
0x00007ffa48a80000 - 0x00007ffa48a9b000 	C:\WINDOWS\SYSTEM32\kernel.appcore.dll
0x00007ffa389c0000 - 0x00007ffa389ca000 	C:\Program Files\Java\jdk-17\bin\jimage.dll
0x00007ffa47580000 - 0x00007ffa477c2000 	C:\WINDOWS\SYSTEM32\DBGHELP.DLL
0x00007ffa4afd0000 - 0x00007ffa4b353000 	C:\WINDOWS\System32\combase.dll
0x00007ffa4ad10000 - 0x00007ffa4ade9000 	C:\WINDOWS\System32\OLEAUT32.dll
0x00007ffa0fd50000 - 0x00007ffa0fd8b000 	C:\WINDOWS\SYSTEM32\dbgcore.DLL
0x00007ffa4a070000 - 0x00007ffa4a11c000 	C:\WINDOWS\System32\bcryptPrimitives.dll
0x00007ffa2d380000 - 0x00007ffa2d3a5000 	C:\Program Files\Java\jdk-17\bin\java.dll
0x00007ffa18fc0000 - 0x00007ffa19097000 	C:\Program Files\Java\jdk-17\bin\jsvml.dll
0x00007ffa4bc70000 - 0x00007ffa4c402000 	C:\WINDOWS\System32\SHELL32.dll
0x00007ffa47840000 - 0x00007ffa480d2000 	C:\WINDOWS\SYSTEM32\windows.storage.dll
0x00007ffa4bb00000 - 0x00007ffa4bbf7000 	C:\WINDOWS\System32\SHCORE.dll
0x00007ffa4b460000 - 0x00007ffa4b4c7000 	C:\WINDOWS\System32\shlwapi.dll
0x00007ffa49d00000 - 0x00007ffa49d29000 	C:\WINDOWS\SYSTEM32\profapi.dll
0x00007ffa359a0000 - 0x00007ffa359b9000 	C:\Program Files\Java\jdk-17\bin\net.dll
0x00007ffa43e60000 - 0x00007ffa43f87000 	C:\WINDOWS\SYSTEM32\WINHTTP.dll
0x00007ffa49010000 - 0x00007ffa4907c000 	C:\WINDOWS\system32\mswsock.dll
0x00007ffa35610000 - 0x00007ffa35626000 	C:\Program Files\Java\jdk-17\bin\nio.dll
0x00007ffa2dbf0000 - 0x00007ffa2dc08000 	C:\Program Files\Java\jdk-17\bin\zip.dll
0x00007ffa385e0000 - 0x00007ffa385f0000 	C:\Program Files\Java\jdk-17\bin\verify.dll
0x00007ffa38540000 - 0x00007ffa3854e000 	C:\Program Files\Java\jdk-17\bin\sunmscapi.dll
0x00007ffa4a540000 - 0x00007ffa4a6b8000 	C:\WINDOWS\System32\CRYPT32.dll
0x00007ffa495b0000 - 0x00007ffa495e0000 	C:\WINDOWS\SYSTEM32\ncrypt.dll
0x00007ffa49560000 - 0x00007ffa4959f000 	C:\WINDOWS\SYSTEM32\NTASN1.dll
0x00007ffa49440000 - 0x00007ffa4945b000 	C:\WINDOWS\SYSTEM32\CRYPTSP.dll
0x00007ffa489e0000 - 0x00007ffa48a19000 	C:\WINDOWS\system32\rsaenh.dll
0x00007ffa490d0000 - 0x00007ffa49102000 	C:\WINDOWS\SYSTEM32\USERENV.dll
0x00007ffa49cd0000 - 0x00007ffa49cfa000 	C:\WINDOWS\SYSTEM32\bcrypt.dll
0x00007ffa49280000 - 0x00007ffa4928c000 	C:\WINDOWS\SYSTEM32\CRYPTBASE.dll
0x00007ffa48430000 - 0x00007ffa48463000 	C:\WINDOWS\SYSTEM32\IPHLPAPI.DLL
0x00007ffa4adf0000 - 0x00007ffa4adfa000 	C:\WINDOWS\System32\NSI.dll
0x00007ffa44370000 - 0x00007ffa4438d000 	C:\WINDOWS\SYSTEM32\dhcpcsvc6.DLL
0x00007ffa44340000 - 0x00007ffa44365000 	C:\WINDOWS\SYSTEM32\dhcpcsvc.DLL
0x00007ffa48520000 - 0x00007ffa48676000 	C:\WINDOWS\SYSTEM32\DNSAPI.dll
0x00007ffa48e10000 - 0x00007ffa48e1d000 	C:\WINDOWS\SYSTEM32\DSPARSE.dll
0x00007ffa36270000 - 0x00007ffa3627a000 	C:\Program Files\Java\jdk-17\bin\management.dll
0x00007ffa35970000 - 0x00007ffa3597b000 	C:\Program Files\Java\jdk-17\bin\management_ext.dll
0x00007ff9bd7c0000 - 0x00007ff9bd7d8000 	C:\WINDOWS\system32\napinsp.dll
0x00007ff9bd7e0000 - 0x00007ff9bd7f3000 	C:\WINDOWS\System32\winrnr.dll
0x00007ff9bd800000 - 0x00007ff9bd822000 	C:\WINDOWS\system32\nlansp_c.dll
0x00007ffa0ced0000 - 0x00007ffa0cee6000 	C:\WINDOWS\system32\wshbth.dll
0x00007ffa43030000 - 0x00007ffa4303b000 	C:\Windows\System32\rasadhlp.dll
0x00007ffa44630000 - 0x00007ffa446b6000 	C:\WINDOWS\System32\fwpuclnt.dll

dbghelp: loaded successfully - version: 4.0.5 - missing functions: none
symbol engine: initialized successfully - sym options: 0x614 - pdb path: .;C:\Program Files\Java\jdk-17\bin;C:\WINDOWS\SYSTEM32;C:\WINDOWS\WinSxS\amd64_microsoft.windows.common-controls_6595b64144ccf1df_6.0.26100.8875_none_3e0d5d42e32fe9dd;C:\Program Files\Java\jdk-17\bin\server

VM Arguments:
jvm_args: -XX:+ShowCodeDetailsInExceptionMessages 
java_command: com.homestay.HomestayApplication
java_class_path (initial): D:\SWP391_G6\SWP391_G6\backend\target\classes;C:\Users\admin\.m2\repository\org\springframework\boot\spring-boot-starter-web\3.2.6\spring-boot-starter-web-3.2.6.jar;C:\Users\admin\.m2\repository\org\springframework\boot\spring-boot-starter\3.2.6\spring-boot-starter-3.2.6.jar;C:\Users\admin\.m2\repository\org\springframework\boot\spring-boot\3.2.6\spring-boot-3.2.6.jar;C:\Users\admin\.m2\repository\org\springframework\boot\spring-boot-autoconfigure\3.2.6\spring-boot-autoconfigure-3.2.6.jar;C:\Users\admin\.m2\repository\org\springframework\boot\spring-boot-starter-logging\3.2.6\spring-boot-starter-logging-3.2.6.jar;C:\Users\admin\.m2\repository\ch\qos\logback\logback-classic\1.4.14\logback-classic-1.4.14.jar;C:\Users\admin\.m2\repository\ch\qos\logback\logback-core\1.4.14\logback-core-1.4.14.jar;C:\Users\admin\.m2\repository\org\apache\logging\log4j\log4j-to-slf4j\2.21.1\log4j-to-slf4j-2.21.1.jar;C:\Users\admin\.m2\repository\org\apache\logging\log4j\log4j-api\2.21.1\log4j-api-2.21.1.jar;C:\Users\admin\.m2\repository\org\slf4j\jul-to-slf4j\2.0.13\jul-to-slf4j-2.0.13.jar;C:\Users\admin\.m2\repository\jakarta\annotation\jakarta.annotation-api\2.1.1\jakarta.annotation-api-2.1.1.jar;C:\Users\admin\.m2\repository\org\yaml\snakeyaml\2.2\snakeyaml-2.2.jar;C:\Users\admin\.m2\repository\org\springframework\boot\spring-boot-starter-json\3.2.6\spring-boot-starter-json-3.2.6.jar;C:\Users\admin\.m2\repository\com\fasterxml\jackson\datatype\jackson-datatype-jdk8\2.15.4\jackson-datatype-jdk8-2.15.4.jar;C:\Users\admin\.m2\repository\com\fasterxml\jackson\datatype\jackson-datatype-jsr310\2.15.4\jackson-datatype-jsr310-2.15.4.jar;C:\Users\admin\.m2\repository\com\fasterxml\jackson\module\jackson-module-parameter-names\2.15.4\jackson-module-parameter-names-2.15.4.jar;C:\Users\admin\.m2\repository\org\springframework\boot\spring-boot-starter-tomcat\3.2.6\spring-boot-starter-tomcat-3.2.6.jar;C:\Users\admin\.m2\repository\org\apache\tomcat\embed\tomcat-embed-co
Launcher Type: SUN_STANDARD

[Global flags]
     intx CICompilerCount                          = 4                                         {product} {ergonomic}
     uint ConcGCThreads                            = 3                                         {product} {ergonomic}
     uint G1ConcRefinementThreads                  = 10                                        {product} {ergonomic}
   size_t G1HeapRegionSize                         = 2097152                                   {product} {ergonomic}
    uintx GCDrainStackTargetSize                   = 64                                        {product} {ergonomic}
   size_t InitialHeapSize                          = 264241152                                 {product} {ergonomic}
   size_t MarkStackSize                            = 4194304                                   {product} {ergonomic}
   size_t MaxHeapSize                              = 4213178368                                {product} {ergonomic}
   size_t MaxNewSize                               = 2527068160                                {product} {ergonomic}
   size_t MinHeapDeltaBytes                        = 2097152                                   {product} {ergonomic}
   size_t MinHeapSize                              = 8388608                                   {product} {ergonomic}
    uintx NonNMethodCodeHeapSize                   = 5839372                                {pd product} {ergonomic}
    uintx NonProfiledCodeHeapSize                  = 122909434                              {pd product} {ergonomic}
    uintx ProfiledCodeHeapSize                     = 122909434                              {pd product} {ergonomic}
    uintx ReservedCodeCacheSize                    = 251658240                              {pd product} {ergonomic}
     bool SegmentedCodeCache                       = true                                      {product} {ergonomic}
     bool ShowCodeDetailsInExceptionMessages       = true                                   {manageable} {command line}
   size_t SoftMaxHeapSize                          = 4213178368                             {manageable} {ergonomic}
     bool UseCompressedClassPointers               = true                           {product lp64_product} {ergonomic}
     bool UseCompressedOops                        = true                           {product lp64_product} {ergonomic}
     bool UseG1GC                                  = true                                      {product} {ergonomic}
     bool UseLargePagesIndividualAllocation        = false                                  {pd product} {ergonomic}

Logging:
Log output configuration:
 #0: stdout all=warning uptime,level,tags
 #1: stderr all=off uptime,level,tags

Environment Variables:
PATH=C:\Program Files\Common Files\Oracle\Java\javapath;C:\WINDOWS\system32;C:\WINDOWS;C:\WINDOWS\System32\Wbem;C:\WINDOWS\System32\WindowsPowerShell\v1.0\;C:\WINDOWS\System32\OpenSSH\;C:\Program Files (x86)\Microsoft SQL Server\160\Tools\Binn\;C:\Program Files\Microsoft SQL Server\160\Tools\Binn\;C:\Program Files\Microsoft SQL Server\Client SDK\ODBC\170\Tools\Binn\;C:\Program Files\Microsoft SQL Server\160\DTS\Binn\;C:\Program Files (x86)\Microsoft SQL Server\160\DTS\Binn\;C:\Program Files\Git\cmd;C:\Program Files\dotnet\;C:\Program Files\nodejs\;C:\Users\admin\.local\bin;C:\Users\admin\AppData\Local\Microsoft\WindowsApps;C:\Users\admin\AppData\Local\GitHubDesktop\bin;C:\Users\admin\AppData\Local\Programs\Microsoft VS Code\bin;C:\Users\admin\AppData\Roaming\npm;C:\Users\admin\AppData\Local\Programs\Antigravity IDE\bin;C:\Users\admin\AppData\Local\Programs\cursor\resources\app\bin;c:\Users\admin\.antigravity-ide\extensions\vscjava.vscode-java-debug-0.59.0-universal\bundled\scripts\noConfigScripts
USERNAME=admin
LANG=en_US.UTF-8
OS=Windows_NT
PROCESSOR_IDENTIFIER=Intel64 Family 6 Model 186 Stepping 3, GenuineIntel



---------------  S Y S T E M  ---------------

OS:
 Windows 11 , 64 bit Build 26100 (10.0.26100.8875)
OS uptime: 0 days 8:28 hours
Hyper-V role detected

CPU: total 12 (initial active 12) (6 cores per cpu, 2 threads per core) family 6 model 186 stepping 3 microcode 0x6134, cx8, cmov, fxsr, ht, mmx, 3dnowpref, sse, sse2, sse3, ssse3, sse4.1, sse4.2, popcnt, lzcnt, tsc, tscinvbit, avx, avx2, aes, erms, clmul, bmi1, bmi2, adx, sha, fma, vzeroupper, clflush, clflushopt, clwb, hv

Memory: 4k page, system-wide physical 16068M (3035M free)
TotalPageFile size 21956M (AvailPageFile size 3568M)
current process WorkingSet (physical memory assigned to process): 323M, peak: 330M
current process commit charge ("private bytes"): 361M, peak: 415M

vm_info: Java HotSpot(TM) 64-Bit Server VM (17.0.9+11-LTS-201) for windows-amd64 JRE (17.0.9+11-LTS-201), built on Oct 10 2023 23:16:06 by "mach5one" with MS VC++ 17.1 (VS2022)

END.
